[02:40:36] {/home/hussen/Documents/robotic-grasping/hardware/device.py:11} INFO - CUDA detected. Running with GPU acceleration.
[02:40:36] {/home/hussen/Documents/robotic-grasping/train_network.py:249} INFO - Loading Cornell Dataset...
[02:40:36] {/home/hussen/Documents/robotic-grasping/train_network.py:258} INFO - Dataset size is 885
[02:40:36] {/home/hussen/Documents/robotic-grasping/train_network.py:267} INFO - Training size: 796
[02:40:36] {/home/hussen/Documents/robotic-grasping/train_network.py:268} INFO - Validation size: 89
[02:40:36] {/home/hussen/Documents/robotic-grasping/train_network.py:286} INFO - Done
[02:40:36] {/home/hussen/Documents/robotic-grasping/train_network.py:289} INFO - Loading Network...
[02:40:36] {/home/hussen/Documents/robotic-grasping/train_network.py:300} INFO - Done
[02:40:37] {/home/hussen/Documents/robotic-grasping/train_network.py:317} INFO - epochs 50, batches_per_epoch 1000
[02:40:37] {/home/hussen/Documents/robotic-grasping/train_network.py:321} INFO - Beginning Epoch 00
[02:40:49] {/home/hussen/Documents/robotic-grasping/train_network.py:177} INFO - Epoch: 0, Batch: 100, Loss: 0.1629
[02:41:00] {/home/hussen/Documents/robotic-grasping/train_network.py:177} INFO - Epoch: 0, Batch: 200, Loss: 0.0719
[02:41:11] {/home/hussen/Documents/robotic-grasping/train_network.py:177} INFO - Epoch: 0, Batch: 300, Loss: 0.1101
[02:41:22] {/home/hussen/Documents/robotic-grasping/train_network.py:177} INFO - Epoch: 0, Batch: 400, Loss: 0.0520
[02:41:33] {/home/hussen/Documents/robotic-grasping/train_network.py:177} INFO - Epoch: 0, Batch: 500, Loss: 0.0744
[02:41:45] {/home/hussen/Documents/robotic-grasping/train_network.py:177} INFO - Epoch: 0, Batch: 600, Loss: 0.0633
[02:41:56] {/home/hussen/Documents/robotic-grasping/train_network.py:177} INFO - Epoch: 0, Batch: 700, Loss: 0.1292
[02:42:07] {/home/hussen/Documents/robotic-grasping/train_network.py:177} INFO - Epoch: 0, Batch: 800, Loss: 0.0475
[02:42:18] {/home/hussen/Documents/robotic-grasping/train_network.py:177} INFO - Epoch: 0, Batch: 900, Loss: 0.0828
[02:42:31] {/home/hussen/Documents/robotic-grasping/train_network.py:330} INFO - Validating...
[02:42:32] {/home/hussen/Documents/robotic-grasping/train_network.py:332} INFO - 36/89 = 0.404494
[02:42:32] {/home/hussen/Documents/robotic-grasping/train_network.py:321} INFO - Beginning Epoch 01
[02:42:43] {/home/hussen/Documents/robotic-grasping/train_network.py:177} INFO - Epoch: 1, Batch: 100, Loss: 0.0537
[02:42:55] {/home/hussen/Documents/robotic-grasping/train_network.py:177} INFO - Epoch: 1, Batch: 200, Loss: 0.1251
[02:43:08] {/home/hussen/Documents/robotic-grasping/train_network.py:177} INFO - Epoch: 1, Batch: 300, Loss: 0.0483
[02:43:21] {/home/hussen/Documents/robotic-grasping/train_network.py:177} INFO - Epoch: 1, Batch: 400, Loss: 0.1670
[02:43:34] {/home/hussen/Documents/robotic-grasping/train_network.py:177} INFO - Epoch: 1, Batch: 500, Loss: 0.0831
[02:43:47] {/home/hussen/Documents/robotic-grasping/train_network.py:177} INFO - Epoch: 1, Batch: 600, Loss: 0.0678
[02:44:00] {/home/hussen/Documents/robotic-grasping/train_network.py:177} INFO - Epoch: 1, Batch: 700, Loss: 0.0531
[02:44:12] {/home/hussen/Documents/robotic-grasping/train_network.py:177} INFO - Epoch: 1, Batch: 800, Loss: 0.1105
[02:44:25] {/home/hussen/Documents/robotic-grasping/train_network.py:177} INFO - Epoch: 1, Batch: 900, Loss: 0.0801
[02:44:38] {/home/hussen/Documents/robotic-grasping/train_network.py:330} INFO - Validating...
[02:44:40] {/home/hussen/Documents/robotic-grasping/train_network.py:332} INFO - 70/89 = 0.786517
[02:44:40] {/home/hussen/Documents/robotic-grasping/train_network.py:321} INFO - Beginning Epoch 02
[02:44:53] {/home/hussen/Documents/robotic-grasping/train_network.py:177} INFO - Epoch: 2, Batch: 100, Loss: 0.0573
[02:45:05] {/home/hussen/Documents/robotic-grasping/train_network.py:177} INFO - Epoch: 2, Batch: 200, Loss: 0.0459
[02:45:18] {/home/hussen/Documents/robotic-grasping/train_network.py:177} INFO - Epoch: 2, Batch: 300, Loss: 0.0898
[02:45:30] {/home/hussen/Documents/robotic-grasping/train_network.py:177} INFO - Epoch: 2, Batch: 400, Loss: 0.0601
[02:45:43] {/home/hussen/Documents/robotic-grasping/train_network.py:177} INFO - Epoch: 2, Batch: 500, Loss: 0.0714
[02:45:55] {/home/hussen/Documents/robotic-grasping/train_network.py:177} INFO - Epoch: 2, Batch: 600, Loss: 0.0650
[02:46:08] {/home/hussen/Documents/robotic-grasping/train_network.py:177} INFO - Epoch: 2, Batch: 700, Loss: 0.0683
[02:46:20] {/home/hussen/Documents/robotic-grasping/train_network.py:177} INFO - Epoch: 2, Batch: 800, Loss: 0.0304
[02:46:33] {/home/hussen/Documents/robotic-grasping/train_network.py:177} INFO - Epoch: 2, Batch: 900, Loss: 0.0975
[02:46:47] {/home/hussen/Documents/robotic-grasping/train_network.py:330} INFO - Validating...
[02:46:48] {/home/hussen/Documents/robotic-grasping/train_network.py:332} INFO - 78/89 = 0.876404
[02:46:48] {/home/hussen/Documents/robotic-grasping/train_network.py:321} INFO - Beginning Epoch 03
[02:47:01] {/home/hussen/Documents/robotic-grasping/train_network.py:177} INFO - Epoch: 3, Batch: 100, Loss: 0.0473
[02:47:13] {/home/hussen/Documents/robotic-grasping/train_network.py:177} INFO - Epoch: 3, Batch: 200, Loss: 0.0350
[02:47:26] {/home/hussen/Documents/robotic-grasping/train_network.py:177} INFO - Epoch: 3, Batch: 300, Loss: 0.0344
[02:47:38] {/home/hussen/Documents/robotic-grasping/train_network.py:177} INFO - Epoch: 3, Batch: 400, Loss: 0.0989
[02:47:51] {/home/hussen/Documents/robotic-grasping/train_network.py:177} INFO - Epoch: 3, Batch: 500, Loss: 0.0631
[02:48:03] {/home/hussen/Documents/robotic-grasping/train_network.py:177} INFO - Epoch: 3, Batch: 600, Loss: 0.0429
[02:48:16] {/home/hussen/Documents/robotic-grasping/train_network.py:177} INFO - Epoch: 3, Batch: 700, Loss: 0.0842
[02:48:28] {/home/hussen/Documents/robotic-grasping/train_network.py:177} INFO - Epoch: 3, Batch: 800, Loss: 0.0626
[02:48:41] {/home/hussen/Documents/robotic-grasping/train_network.py:177} INFO - Epoch: 3, Batch: 900, Loss: 0.0420
[02:48:54] {/home/hussen/Documents/robotic-grasping/train_network.py:330} INFO - Validating...
[02:48:56] {/home/hussen/Documents/robotic-grasping/train_network.py:332} INFO - 84/89 = 0.943820
[02:48:56] {/home/hussen/Documents/robotic-grasping/train_network.py:321} INFO - Beginning Epoch 04
[02:49:09] {/home/hussen/Documents/robotic-grasping/train_network.py:177} INFO - Epoch: 4, Batch: 100, Loss: 0.0537
[02:49:21] {/home/hussen/Documents/robotic-grasping/train_network.py:177} INFO - Epoch: 4, Batch: 200, Loss: 0.0268
[02:49:34] {/home/hussen/Documents/robotic-grasping/train_network.py:177} INFO - Epoch: 4, Batch: 300, Loss: 0.0525
[02:49:46] {/home/hussen/Documents/robotic-grasping/train_network.py:177} INFO - Epoch: 4, Batch: 400, Loss: 0.0216
[02:49:59] {/home/hussen/Documents/robotic-grasping/train_network.py:177} INFO - Epoch: 4, Batch: 500, Loss: 0.0415
[02:50:11] {/home/hussen/Documents/robotic-grasping/train_network.py:177} INFO - Epoch: 4, Batch: 600, Loss: 0.0522
[02:50:23] {/home/hussen/Documents/robotic-grasping/train_network.py:177} INFO - Epoch: 4, Batch: 700, Loss: 0.0535
[02:50:36] {/home/hussen/Documents/robotic-grasping/train_network.py:177} INFO - Epoch: 4, Batch: 800, Loss: 0.0812
[02:50:48] {/home/hussen/Documents/robotic-grasping/train_network.py:177} INFO - Epoch: 4, Batch: 900, Loss: 0.0588
[02:51:02] {/home/hussen/Documents/robotic-grasping/train_network.py:330} INFO - Validating...
[02:51:04] {/home/hussen/Documents/robotic-grasping/train_network.py:332} INFO - 77/89 = 0.865169
[02:51:04] {/home/hussen/Documents/robotic-grasping/train_network.py:321} INFO - Beginning Epoch 05
[02:51:16] {/home/hussen/Documents/robotic-grasping/train_network.py:177} INFO - Epoch: 5, Batch: 100, Loss: 0.1134
[02:51:28] {/home/hussen/Documents/robotic-grasping/train_network.py:177} INFO - Epoch: 5, Batch: 200, Loss: 0.1146
[02:51:41] {/home/hussen/Documents/robotic-grasping/train_network.py:177} INFO - Epoch: 5, Batch: 300, Loss: 0.1371
[02:51:53] {/home/hussen/Documents/robotic-grasping/train_network.py:177} INFO - Epoch: 5, Batch: 400, Loss: 0.0528
[02:52:06] {/home/hussen/Documents/robotic-grasping/train_network.py:177} INFO - Epoch: 5, Batch: 500, Loss: 0.1580
[02:52:18] {/home/hussen/Documents/robotic-grasping/train_network.py:177} INFO - Epoch: 5, Batch: 600, Loss: 0.0582
[02:52:31] {/home/hussen/Documents/robotic-grasping/train_network.py:177} INFO - Epoch: 5, Batch: 700, Loss: 0.0879
[02:52:43] {/home/hussen/Documents/robotic-grasping/train_network.py:177} INFO - Epoch: 5, Batch: 800, Loss: 0.0548
[02:52:56] {/home/hussen/Documents/robotic-grasping/train_network.py:177} INFO - Epoch: 5, Batch: 900, Loss: 0.0805
[02:53:10] {/home/hussen/Documents/robotic-grasping/train_network.py:330} INFO - Validating...
[02:53:12] {/home/hussen/Documents/robotic-grasping/train_network.py:332} INFO - 84/89 = 0.943820
[02:53:12] {/home/hussen/Documents/robotic-grasping/train_network.py:321} INFO - Beginning Epoch 06
[02:53:24] {/home/hussen/Documents/robotic-grasping/train_network.py:177} INFO - Epoch: 6, Batch: 100, Loss: 0.0614
[02:53:35] {/home/hussen/Documents/robotic-grasping/train_network.py:177} INFO - Epoch: 6, Batch: 200, Loss: 0.0419
[02:53:46] {/home/hussen/Documents/robotic-grasping/train_network.py:177} INFO - Epoch: 6, Batch: 300, Loss: 0.0493
[02:53:58] {/home/hussen/Documents/robotic-grasping/train_network.py:177} INFO - Epoch: 6, Batch: 400, Loss: 0.0492
[02:54:09] {/home/hussen/Documents/robotic-grasping/train_network.py:177} INFO - Epoch: 6, Batch: 500, Loss: 0.0612
[02:54:20] {/home/hussen/Documents/robotic-grasping/train_network.py:177} INFO - Epoch: 6, Batch: 600, Loss: 0.0635
[02:54:32] {/home/hussen/Documents/robotic-grasping/train_network.py:177} INFO - Epoch: 6, Batch: 700, Loss: 0.0432
[02:54:43] {/home/hussen/Documents/robotic-grasping/train_network.py:177} INFO - Epoch: 6, Batch: 800, Loss: 0.1123
[02:54:55] {/home/hussen/Documents/robotic-grasping/train_network.py:177} INFO - Epoch: 6, Batch: 900, Loss: 0.0320
[02:55:07] {/home/hussen/Documents/robotic-grasping/train_network.py:330} INFO - Validating...
[02:55:09] {/home/hussen/Documents/robotic-grasping/train_network.py:332} INFO - 81/89 = 0.910112
[02:55:09] {/home/hussen/Documents/robotic-grasping/train_network.py:321} INFO - Beginning Epoch 07
[02:55:20] {/home/hussen/Documents/robotic-grasping/train_network.py:177} INFO - Epoch: 7, Batch: 100, Loss: 0.0578
[02:55:32] {/home/hussen/Documents/robotic-grasping/train_network.py:177} INFO - Epoch: 7, Batch: 200, Loss: 0.0417
[02:55:43] {/home/hussen/Documents/robotic-grasping/train_network.py:177} INFO - Epoch: 7, Batch: 300, Loss: 0.0983
[02:55:54] {/home/hussen/Documents/robotic-grasping/train_network.py:177} INFO - Epoch: 7, Batch: 400, Loss: 0.0243
[02:56:06] {/home/hussen/Documents/robotic-grasping/train_network.py:177} INFO - Epoch: 7, Batch: 500, Loss: 0.0557
[02:56:17] {/home/hussen/Documents/robotic-grasping/train_network.py:177} INFO - Epoch: 7, Batch: 600, Loss: 0.0501
[02:56:28] {/home/hussen/Documents/robotic-grasping/train_network.py:177} INFO - Epoch: 7, Batch: 700, Loss: 0.0489
[02:56:40] {/home/hussen/Documents/robotic-grasping/train_network.py:177} INFO - Epoch: 7, Batch: 800, Loss: 0.0718
[02:56:51] {/home/hussen/Documents/robotic-grasping/train_network.py:177} INFO - Epoch: 7, Batch: 900, Loss: 0.0454
[02:57:04] {/home/hussen/Documents/robotic-grasping/train_network.py:330} INFO - Validating...
[02:57:05] {/home/hussen/Documents/robotic-grasping/train_network.py:332} INFO - 82/89 = 0.921348
[02:57:05] {/home/hussen/Documents/robotic-grasping/train_network.py:321} INFO - Beginning Epoch 08
[02:57:16] {/home/hussen/Documents/robotic-grasping/train_network.py:177} INFO - Epoch: 8, Batch: 100, Loss: 0.1070
[02:57:28] {/home/hussen/Documents/robotic-grasping/train_network.py:177} INFO - Epoch: 8, Batch: 200, Loss: 0.0409
[02:57:39] {/home/hussen/Documents/robotic-grasping/train_network.py:177} INFO - Epoch: 8, Batch: 300, Loss: 0.0830
[02:57:51] {/home/hussen/Documents/robotic-grasping/train_network.py:177} INFO - Epoch: 8, Batch: 400, Loss: 0.0396
[02:58:02] {/home/hussen/Documents/robotic-grasping/train_network.py:177} INFO - Epoch: 8, Batch: 500, Loss: 0.1124
[02:58:13] {/home/hussen/Documents/robotic-grasping/train_network.py:177} INFO - Epoch: 8, Batch: 600, Loss: 0.0503
[02:58:25] {/home/hussen/Documents/robotic-grasping/train_network.py:177} INFO - Epoch: 8, Batch: 700, Loss: 0.0886
[02:58:36] {/home/hussen/Documents/robotic-grasping/train_network.py:177} INFO - Epoch: 8, Batch: 800, Loss: 0.0767
[02:58:47] {/home/hussen/Documents/robotic-grasping/train_network.py:177} INFO - Epoch: 8, Batch: 900, Loss: 0.1440
[02:59:00] {/home/hussen/Documents/robotic-grasping/train_network.py:330} INFO - Validating...
[02:59:01] {/home/hussen/Documents/robotic-grasping/train_network.py:332} INFO - 77/89 = 0.865169
[02:59:01] {/home/hussen/Documents/robotic-grasping/train_network.py:321} INFO - Beginning Epoch 09
[02:59:13] {/home/hussen/Documents/robotic-grasping/train_network.py:177} INFO - Epoch: 9, Batch: 100, Loss: 0.1450
[02:59:24] {/home/hussen/Documents/robotic-grasping/train_network.py:177} INFO - Epoch: 9, Batch: 200, Loss: 0.0611
[02:59:36] {/home/hussen/Documents/robotic-grasping/train_network.py:177} INFO - Epoch: 9, Batch: 300, Loss: 0.0313
[02:59:47] {/home/hussen/Documents/robotic-grasping/train_network.py:177} INFO - Epoch: 9, Batch: 400, Loss: 0.0670
[02:59:58] {/home/hussen/Documents/robotic-grasping/train_network.py:177} INFO - Epoch: 9, Batch: 500, Loss: 0.0835
[03:00:10] {/home/hussen/Documents/robotic-grasping/train_network.py:177} INFO - Epoch: 9, Batch: 600, Loss: 0.1021
[03:00:21] {/home/hussen/Documents/robotic-grasping/train_network.py:177} INFO - Epoch: 9, Batch: 700, Loss: 0.0921
[03:00:32] {/home/hussen/Documents/robotic-grasping/train_network.py:177} INFO - Epoch: 9, Batch: 800, Loss: 0.0470
[03:00:44] {/home/hussen/Documents/robotic-grasping/train_network.py:177} INFO - Epoch: 9, Batch: 900, Loss: 0.1160
[03:00:56] {/home/hussen/Documents/robotic-grasping/train_network.py:330} INFO - Validating...
[03:00:58] {/home/hussen/Documents/robotic-grasping/train_network.py:332} INFO - 77/89 = 0.865169
[03:00:58] {/home/hussen/Documents/robotic-grasping/train_network.py:321} INFO - Beginning Epoch 10
[03:01:09] {/home/hussen/Documents/robotic-grasping/train_network.py:177} INFO - Epoch: 10, Batch: 100, Loss: 0.0383
[03:01:20] {/home/hussen/Documents/robotic-grasping/train_network.py:177} INFO - Epoch: 10, Batch: 200, Loss: 0.1146
[03:01:32] {/home/hussen/Documents/robotic-grasping/train_network.py:177} INFO - Epoch: 10, Batch: 300, Loss: 0.0432
[03:01:43] {/home/hussen/Documents/robotic-grasping/train_network.py:177} INFO - Epoch: 10, Batch: 400, Loss: 0.0614
[03:01:55] {/home/hussen/Documents/robotic-grasping/train_network.py:177} INFO - Epoch: 10, Batch: 500, Loss: 0.0442
[03:02:06] {/home/hussen/Documents/robotic-grasping/train_network.py:177} INFO - Epoch: 10, Batch: 600, Loss: 0.0493
[03:02:17] {/home/hussen/Documents/robotic-grasping/train_network.py:177} INFO - Epoch: 10, Batch: 700, Loss: 0.0272
[03:02:29] {/home/hussen/Documents/robotic-grasping/train_network.py:177} INFO - Epoch: 10, Batch: 800, Loss: 0.0969
[03:02:40] {/home/hussen/Documents/robotic-grasping/train_network.py:177} INFO - Epoch: 10, Batch: 900, Loss: 0.0384
[03:02:53] {/home/hussen/Documents/robotic-grasping/train_network.py:330} INFO - Validating...
[03:02:54] {/home/hussen/Documents/robotic-grasping/train_network.py:332} INFO - 77/89 = 0.865169
[03:02:54] {/home/hussen/Documents/robotic-grasping/train_network.py:321} INFO - Beginning Epoch 11
[03:03:05] {/home/hussen/Documents/robotic-grasping/train_network.py:177} INFO - Epoch: 11, Batch: 100, Loss: 0.0511
[03:03:17] {/home/hussen/Documents/robotic-grasping/train_network.py:177} INFO - Epoch: 11, Batch: 200, Loss: 0.0450
[03:03:28] {/home/hussen/Documents/robotic-grasping/train_network.py:177} INFO - Epoch: 11, Batch: 300, Loss: 0.0315
[03:03:40] {/home/hussen/Documents/robotic-grasping/train_network.py:177} INFO - Epoch: 11, Batch: 400, Loss: 0.0443
[03:03:51] {/home/hussen/Documents/robotic-grasping/train_network.py:177} INFO - Epoch: 11, Batch: 500, Loss: 0.0962
[03:04:02] {/home/hussen/Documents/robotic-grasping/train_network.py:177} INFO - Epoch: 11, Batch: 600, Loss: 0.1741
[03:04:14] {/home/hussen/Documents/robotic-grasping/train_network.py:177} INFO - Epoch: 11, Batch: 700, Loss: 0.0495
[03:04:25] {/home/hussen/Documents/robotic-grasping/train_network.py:177} INFO - Epoch: 11, Batch: 800, Loss: 0.1356
[03:04:37] {/home/hussen/Documents/robotic-grasping/train_network.py:177} INFO - Epoch: 11, Batch: 900, Loss: 0.0316
[03:04:49] {/home/hussen/Documents/robotic-grasping/train_network.py:330} INFO - Validating...
[03:04:51] {/home/hussen/Documents/robotic-grasping/train_network.py:332} INFO - 85/89 = 0.955056
[03:04:51] {/home/hussen/Documents/robotic-grasping/train_network.py:321} INFO - Beginning Epoch 12
[03:05:02] {/home/hussen/Documents/robotic-grasping/train_network.py:177} INFO - Epoch: 12, Batch: 100, Loss: 0.0386
[03:05:13] {/home/hussen/Documents/robotic-grasping/train_network.py:177} INFO - Epoch: 12, Batch: 200, Loss: 0.0587
[03:05:25] {/home/hussen/Documents/robotic-grasping/train_network.py:177} INFO - Epoch: 12, Batch: 300, Loss: 0.0461
[03:05:36] {/home/hussen/Documents/robotic-grasping/train_network.py:177} INFO - Epoch: 12, Batch: 400, Loss: 0.0769
[03:05:47] {/home/hussen/Documents/robotic-grasping/train_network.py:177} INFO - Epoch: 12, Batch: 500, Loss: 0.1170
[03:05:59] {/home/hussen/Documents/robotic-grasping/train_network.py:177} INFO - Epoch: 12, Batch: 600, Loss: 0.0990
[03:06:10] {/home/hussen/Documents/robotic-grasping/train_network.py:177} INFO - Epoch: 12, Batch: 700, Loss: 0.0369
[03:06:22] {/home/hussen/Documents/robotic-grasping/train_network.py:177} INFO - Epoch: 12, Batch: 800, Loss: 0.0750
[03:06:33] {/home/hussen/Documents/robotic-grasping/train_network.py:177} INFO - Epoch: 12, Batch: 900, Loss: 0.0331
[03:06:45] {/home/hussen/Documents/robotic-grasping/train_network.py:330} INFO - Validating...
[03:06:47] {/home/hussen/Documents/robotic-grasping/train_network.py:332} INFO - 84/89 = 0.943820
[03:06:47] {/home/hussen/Documents/robotic-grasping/train_network.py:321} INFO - Beginning Epoch 13
[03:06:58] {/home/hussen/Documents/robotic-grasping/train_network.py:177} INFO - Epoch: 13, Batch: 100, Loss: 0.0684
[03:07:10] {/home/hussen/Documents/robotic-grasping/train_network.py:177} INFO - Epoch: 13, Batch: 200, Loss: 0.0555
[03:07:21] {/home/hussen/Documents/robotic-grasping/train_network.py:177} INFO - Epoch: 13, Batch: 300, Loss: 0.0374
[03:07:32] {/home/hussen/Documents/robotic-grasping/train_network.py:177} INFO - Epoch: 13, Batch: 400, Loss: 0.0804
[03:07:44] {/home/hussen/Documents/robotic-grasping/train_network.py:177} INFO - Epoch: 13, Batch: 500, Loss: 0.0597
[03:07:55] {/home/hussen/Documents/robotic-grasping/train_network.py:177} INFO - Epoch: 13, Batch: 600, Loss: 0.0413
[03:08:07] {/home/hussen/Documents/robotic-grasping/train_network.py:177} INFO - Epoch: 13, Batch: 700, Loss: 0.0967
[03:08:18] {/home/hussen/Documents/robotic-grasping/train_network.py:177} INFO - Epoch: 13, Batch: 800, Loss: 0.0845
[03:08:29] {/home/hussen/Documents/robotic-grasping/train_network.py:177} INFO - Epoch: 13, Batch: 900, Loss: 0.0246
[03:08:42] {/home/hussen/Documents/robotic-grasping/train_network.py:330} INFO - Validating...
[03:08:43] {/home/hussen/Documents/robotic-grasping/train_network.py:332} INFO - 86/89 = 0.966292
[03:08:43] {/home/hussen/Documents/robotic-grasping/train_network.py:321} INFO - Beginning Epoch 14
[03:08:55] {/home/hussen/Documents/robotic-grasping/train_network.py:177} INFO - Epoch: 14, Batch: 100, Loss: 0.0888
[03:09:06] {/home/hussen/Documents/robotic-grasping/train_network.py:177} INFO - Epoch: 14, Batch: 200, Loss: 0.0604
[03:09:18] {/home/hussen/Documents/robotic-grasping/train_network.py:177} INFO - Epoch: 14, Batch: 300, Loss: 0.1100
[03:09:29] {/home/hussen/Documents/robotic-grasping/train_network.py:177} INFO - Epoch: 14, Batch: 400, Loss: 0.0772
[03:09:40] {/home/hussen/Documents/robotic-grasping/train_network.py:177} INFO - Epoch: 14, Batch: 500, Loss: 0.0991
[03:09:52] {/home/hussen/Documents/robotic-grasping/train_network.py:177} INFO - Epoch: 14, Batch: 600, Loss: 0.0413
[03:10:03] {/home/hussen/Documents/robotic-grasping/train_network.py:177} INFO - Epoch: 14, Batch: 700, Loss: 0.0337
[03:10:14] {/home/hussen/Documents/robotic-grasping/train_network.py:177} INFO - Epoch: 14, Batch: 800, Loss: 0.0887
[03:10:26] {/home/hussen/Documents/robotic-grasping/train_network.py:177} INFO - Epoch: 14, Batch: 900, Loss: 0.0411
[03:10:38] {/home/hussen/Documents/robotic-grasping/train_network.py:330} INFO - Validating...
[03:10:40] {/home/hussen/Documents/robotic-grasping/train_network.py:332} INFO - 83/89 = 0.932584
[03:10:40] {/home/hussen/Documents/robotic-grasping/train_network.py:321} INFO - Beginning Epoch 15
[03:10:51] {/home/hussen/Documents/robotic-grasping/train_network.py:177} INFO - Epoch: 15, Batch: 100, Loss: 0.0503
[03:11:03] {/home/hussen/Documents/robotic-grasping/train_network.py:177} INFO - Epoch: 15, Batch: 200, Loss: 0.0362
[03:11:14] {/home/hussen/Documents/robotic-grasping/train_network.py:177} INFO - Epoch: 15, Batch: 300, Loss: 0.0411
[03:11:25] {/home/hussen/Documents/robotic-grasping/train_network.py:177} INFO - Epoch: 15, Batch: 400, Loss: 0.0464
[03:11:37] {/home/hussen/Documents/robotic-grasping/train_network.py:177} INFO - Epoch: 15, Batch: 500, Loss: 0.0757
[03:11:48] {/home/hussen/Documents/robotic-grasping/train_network.py:177} INFO - Epoch: 15, Batch: 600, Loss: 0.0241
[03:11:59] {/home/hussen/Documents/robotic-grasping/train_network.py:177} INFO - Epoch: 15, Batch: 700, Loss: 0.0513
[03:12:11] {/home/hussen/Documents/robotic-grasping/train_network.py:177} INFO - Epoch: 15, Batch: 800, Loss: 0.0352
[03:12:22] {/home/hussen/Documents/robotic-grasping/train_network.py:177} INFO - Epoch: 15, Batch: 900, Loss: 0.1503
[03:12:35] {/home/hussen/Documents/robotic-grasping/train_network.py:330} INFO - Validating...
[03:12:36] {/home/hussen/Documents/robotic-grasping/train_network.py:332} INFO - 87/89 = 0.977528
[03:12:36] {/home/hussen/Documents/robotic-grasping/train_network.py:321} INFO - Beginning Epoch 16
[03:12:48] {/home/hussen/Documents/robotic-grasping/train_network.py:177} INFO - Epoch: 16, Batch: 100, Loss: 0.0330
[03:12:59] {/home/hussen/Documents/robotic-grasping/train_network.py:177} INFO - Epoch: 16, Batch: 200, Loss: 0.0432
[03:13:10] {/home/hussen/Documents/robotic-grasping/train_network.py:177} INFO - Epoch: 16, Batch: 300, Loss: 0.0251
[03:13:22] {/home/hussen/Documents/robotic-grasping/train_network.py:177} INFO - Epoch: 16, Batch: 400, Loss: 0.0824
[03:13:33] {/home/hussen/Documents/robotic-grasping/train_network.py:177} INFO - Epoch: 16, Batch: 500, Loss: 0.0381
[03:13:44] {/home/hussen/Documents/robotic-grasping/train_network.py:177} INFO - Epoch: 16, Batch: 600, Loss: 0.0981
[03:13:56] {/home/hussen/Documents/robotic-grasping/train_network.py:177} INFO - Epoch: 16, Batch: 700, Loss: 0.0829
[03:14:07] {/home/hussen/Documents/robotic-grasping/train_network.py:177} INFO - Epoch: 16, Batch: 800, Loss: 0.1074
[03:14:18] {/home/hussen/Documents/robotic-grasping/train_network.py:177} INFO - Epoch: 16, Batch: 900, Loss: 0.0460
[03:14:31] {/home/hussen/Documents/robotic-grasping/train_network.py:330} INFO - Validating...
[03:14:32] {/home/hussen/Documents/robotic-grasping/train_network.py:332} INFO - 85/89 = 0.955056
[03:14:32] {/home/hussen/Documents/robotic-grasping/train_network.py:321} INFO - Beginning Epoch 17
[03:14:44] {/home/hussen/Documents/robotic-grasping/train_network.py:177} INFO - Epoch: 17, Batch: 100, Loss: 0.0587
[03:14:55] {/home/hussen/Documents/robotic-grasping/train_network.py:177} INFO - Epoch: 17, Batch: 200, Loss: 0.0308
[03:15:07] {/home/hussen/Documents/robotic-grasping/train_network.py:177} INFO - Epoch: 17, Batch: 300, Loss: 0.0475
[03:15:18] {/home/hussen/Documents/robotic-grasping/train_network.py:177} INFO - Epoch: 17, Batch: 400, Loss: 0.1956
[03:15:29] {/home/hussen/Documents/robotic-grasping/train_network.py:177} INFO - Epoch: 17, Batch: 500, Loss: 0.0478
[03:15:41] {/home/hussen/Documents/robotic-grasping/train_network.py:177} INFO - Epoch: 17, Batch: 600, Loss: 0.1026
[03:15:52] {/home/hussen/Documents/robotic-grasping/train_network.py:177} INFO - Epoch: 17, Batch: 700, Loss: 0.1606
[03:16:03] {/home/hussen/Documents/robotic-grasping/train_network.py:177} INFO - Epoch: 17, Batch: 800, Loss: 0.0298
[03:16:15] {/home/hussen/Documents/robotic-grasping/train_network.py:177} INFO - Epoch: 17, Batch: 900, Loss: 0.0562
[03:16:27] {/home/hussen/Documents/robotic-grasping/train_network.py:330} INFO - Validating...
[03:16:29] {/home/hussen/Documents/robotic-grasping/train_network.py:332} INFO - 78/89 = 0.876404
[03:16:29] {/home/hussen/Documents/robotic-grasping/train_network.py:321} INFO - Beginning Epoch 18
[03:16:40] {/home/hussen/Documents/robotic-grasping/train_network.py:177} INFO - Epoch: 18, Batch: 100, Loss: 0.0367
[03:16:52] {/home/hussen/Documents/robotic-grasping/train_network.py:177} INFO - Epoch: 18, Batch: 200, Loss: 0.0530
[03:17:03] {/home/hussen/Documents/robotic-grasping/train_network.py:177} INFO - Epoch: 18, Batch: 300, Loss: 0.0512
[03:17:14] {/home/hussen/Documents/robotic-grasping/train_network.py:177} INFO - Epoch: 18, Batch: 400, Loss: 0.0983
[03:17:26] {/home/hussen/Documents/robotic-grasping/train_network.py:177} INFO - Epoch: 18, Batch: 500, Loss: 0.0541
[03:17:37] {/home/hussen/Documents/robotic-grasping/train_network.py:177} INFO - Epoch: 18, Batch: 600, Loss: 0.0657
[03:17:49] {/home/hussen/Documents/robotic-grasping/train_network.py:177} INFO - Epoch: 18, Batch: 700, Loss: 0.0344
[03:18:00] {/home/hussen/Documents/robotic-grasping/train_network.py:177} INFO - Epoch: 18, Batch: 800, Loss: 0.0404
[03:18:11] {/home/hussen/Documents/robotic-grasping/train_network.py:177} INFO - Epoch: 18, Batch: 900, Loss: 0.0459
[03:18:24] {/home/hussen/Documents/robotic-grasping/train_network.py:330} INFO - Validating...
[03:18:25] {/home/hussen/Documents/robotic-grasping/train_network.py:332} INFO - 81/89 = 0.910112
[03:18:25] {/home/hussen/Documents/robotic-grasping/train_network.py:321} INFO - Beginning Epoch 19
[03:18:37] {/home/hussen/Documents/robotic-grasping/train_network.py:177} INFO - Epoch: 19, Batch: 100, Loss: 0.0181
[03:18:48] {/home/hussen/Documents/robotic-grasping/train_network.py:177} INFO - Epoch: 19, Batch: 200, Loss: 0.0265
[03:19:00] {/home/hussen/Documents/robotic-grasping/train_network.py:177} INFO - Epoch: 19, Batch: 300, Loss: 0.0329
[03:19:11] {/home/hussen/Documents/robotic-grasping/train_network.py:177} INFO - Epoch: 19, Batch: 400, Loss: 0.0494
[03:19:22] {/home/hussen/Documents/robotic-grasping/train_network.py:177} INFO - Epoch: 19, Batch: 500, Loss: 0.0663
[03:19:34] {/home/hussen/Documents/robotic-grasping/train_network.py:177} INFO - Epoch: 19, Batch: 600, Loss: 0.0309
[03:19:45] {/home/hussen/Documents/robotic-grasping/train_network.py:177} INFO - Epoch: 19, Batch: 700, Loss: 0.0307
[03:19:56] {/home/hussen/Documents/robotic-grasping/train_network.py:177} INFO - Epoch: 19, Batch: 800, Loss: 0.0472
[03:20:08] {/home/hussen/Documents/robotic-grasping/train_network.py:177} INFO - Epoch: 19, Batch: 900, Loss: 0.1193
[03:20:20] {/home/hussen/Documents/robotic-grasping/train_network.py:330} INFO - Validating...
[03:20:22] {/home/hussen/Documents/robotic-grasping/train_network.py:332} INFO - 86/89 = 0.966292
[03:20:22] {/home/hussen/Documents/robotic-grasping/train_network.py:321} INFO - Beginning Epoch 20
[03:20:33] {/home/hussen/Documents/robotic-grasping/train_network.py:177} INFO - Epoch: 20, Batch: 100, Loss: 0.0580
[03:20:45] {/home/hussen/Documents/robotic-grasping/train_network.py:177} INFO - Epoch: 20, Batch: 200, Loss: 0.0230
[03:20:56] {/home/hussen/Documents/robotic-grasping/train_network.py:177} INFO - Epoch: 20, Batch: 300, Loss: 0.0397
[03:21:07] {/home/hussen/Documents/robotic-grasping/train_network.py:177} INFO - Epoch: 20, Batch: 400, Loss: 0.0581
[03:21:19] {/home/hussen/Documents/robotic-grasping/train_network.py:177} INFO - Epoch: 20, Batch: 500, Loss: 0.0387
[03:21:30] {/home/hussen/Documents/robotic-grasping/train_network.py:177} INFO - Epoch: 20, Batch: 600, Loss: 0.0296
[03:21:42] {/home/hussen/Documents/robotic-grasping/train_network.py:177} INFO - Epoch: 20, Batch: 700, Loss: 0.0827
[03:21:53] {/home/hussen/Documents/robotic-grasping/train_network.py:177} INFO - Epoch: 20, Batch: 800, Loss: 0.0448
[03:22:04] {/home/hussen/Documents/robotic-grasping/train_network.py:177} INFO - Epoch: 20, Batch: 900, Loss: 0.0483
[03:22:17] {/home/hussen/Documents/robotic-grasping/train_network.py:330} INFO - Validating...
[03:22:18] {/home/hussen/Documents/robotic-grasping/train_network.py:332} INFO - 87/89 = 0.977528
[03:22:18] {/home/hussen/Documents/robotic-grasping/train_network.py:321} INFO - Beginning Epoch 21
[03:22:30] {/home/hussen/Documents/robotic-grasping/train_network.py:177} INFO - Epoch: 21, Batch: 100, Loss: 0.0404
[03:22:41] {/home/hussen/Documents/robotic-grasping/train_network.py:177} INFO - Epoch: 21, Batch: 200, Loss: 0.0370
[03:22:52] {/home/hussen/Documents/robotic-grasping/train_network.py:177} INFO - Epoch: 21, Batch: 300, Loss: 0.0452
[03:23:04] {/home/hussen/Documents/robotic-grasping/train_network.py:177} INFO - Epoch: 21, Batch: 400, Loss: 0.0111
[03:23:15] {/home/hussen/Documents/robotic-grasping/train_network.py:177} INFO - Epoch: 21, Batch: 500, Loss: 0.0559
[03:23:26] {/home/hussen/Documents/robotic-grasping/train_network.py:177} INFO - Epoch: 21, Batch: 600, Loss: 0.0580
[03:23:38] {/home/hussen/Documents/robotic-grasping/train_network.py:177} INFO - Epoch: 21, Batch: 700, Loss: 0.0325
[03:23:49] {/home/hussen/Documents/robotic-grasping/train_network.py:177} INFO - Epoch: 21, Batch: 800, Loss: 0.1565
[03:24:01] {/home/hussen/Documents/robotic-grasping/train_network.py:177} INFO - Epoch: 21, Batch: 900, Loss: 0.1387
[03:24:13] {/home/hussen/Documents/robotic-grasping/train_network.py:330} INFO - Validating...
[03:24:15] {/home/hussen/Documents/robotic-grasping/train_network.py:332} INFO - 83/89 = 0.932584
[03:24:15] {/home/hussen/Documents/robotic-grasping/train_network.py:321} INFO - Beginning Epoch 22
[03:24:26] {/home/hussen/Documents/robotic-grasping/train_network.py:177} INFO - Epoch: 22, Batch: 100, Loss: 0.0377
[03:24:37] {/home/hussen/Documents/robotic-grasping/train_network.py:177} INFO - Epoch: 22, Batch: 200, Loss: 0.0851
[03:24:49] {/home/hussen/Documents/robotic-grasping/train_network.py:177} INFO - Epoch: 22, Batch: 300, Loss: 0.0450
[03:25:00] {/home/hussen/Documents/robotic-grasping/train_network.py:177} INFO - Epoch: 22, Batch: 400, Loss: 0.0490
[03:25:12] {/home/hussen/Documents/robotic-grasping/train_network.py:177} INFO - Epoch: 22, Batch: 500, Loss: 0.0387
[03:25:23] {/home/hussen/Documents/robotic-grasping/train_network.py:177} INFO - Epoch: 22, Batch: 600, Loss: 0.0634
[03:25:34] {/home/hussen/Documents/robotic-grasping/train_network.py:177} INFO - Epoch: 22, Batch: 700, Loss: 0.0413
[03:25:46] {/home/hussen/Documents/robotic-grasping/train_network.py:177} INFO - Epoch: 22, Batch: 800, Loss: 0.0599
[03:25:57] {/home/hussen/Documents/robotic-grasping/train_network.py:177} INFO - Epoch: 22, Batch: 900, Loss: 0.0473
[03:26:09] {/home/hussen/Documents/robotic-grasping/train_network.py:330} INFO - Validating...
[03:26:11] {/home/hussen/Documents/robotic-grasping/train_network.py:332} INFO - 82/89 = 0.921348
[03:26:11] {/home/hussen/Documents/robotic-grasping/train_network.py:321} INFO - Beginning Epoch 23
[03:26:22] {/home/hussen/Documents/robotic-grasping/train_network.py:177} INFO - Epoch: 23, Batch: 100, Loss: 0.0564
[03:26:34] {/home/hussen/Documents/robotic-grasping/train_network.py:177} INFO - Epoch: 23, Batch: 200, Loss: 0.0407
[03:26:45] {/home/hussen/Documents/robotic-grasping/train_network.py:177} INFO - Epoch: 23, Batch: 300, Loss: 0.0212
[03:26:57] {/home/hussen/Documents/robotic-grasping/train_network.py:177} INFO - Epoch: 23, Batch: 400, Loss: 0.0592
[03:27:08] {/home/hussen/Documents/robotic-grasping/train_network.py:177} INFO - Epoch: 23, Batch: 500, Loss: 0.0476
[03:27:19] {/home/hussen/Documents/robotic-grasping/train_network.py:177} INFO - Epoch: 23, Batch: 600, Loss: 0.0385
[03:27:31] {/home/hussen/Documents/robotic-grasping/train_network.py:177} INFO - Epoch: 23, Batch: 700, Loss: 0.0945
[03:27:42] {/home/hussen/Documents/robotic-grasping/train_network.py:177} INFO - Epoch: 23, Batch: 800, Loss: 0.1023
[03:27:53] {/home/hussen/Documents/robotic-grasping/train_network.py:177} INFO - Epoch: 23, Batch: 900, Loss: 0.0364
[03:28:06] {/home/hussen/Documents/robotic-grasping/train_network.py:330} INFO - Validating...
[03:28:07] {/home/hussen/Documents/robotic-grasping/train_network.py:332} INFO - 80/89 = 0.898876
[03:28:07] {/home/hussen/Documents/robotic-grasping/train_network.py:321} INFO - Beginning Epoch 24
[03:28:19] {/home/hussen/Documents/robotic-grasping/train_network.py:177} INFO - Epoch: 24, Batch: 100, Loss: 0.0818
[03:28:30] {/home/hussen/Documents/robotic-grasping/train_network.py:177} INFO - Epoch: 24, Batch: 200, Loss: 0.0717
[03:28:42] {/home/hussen/Documents/robotic-grasping/train_network.py:177} INFO - Epoch: 24, Batch: 300, Loss: 0.0493
[03:28:53] {/home/hussen/Documents/robotic-grasping/train_network.py:177} INFO - Epoch: 24, Batch: 400, Loss: 0.0666
[03:29:04] {/home/hussen/Documents/robotic-grasping/train_network.py:177} INFO - Epoch: 24, Batch: 500, Loss: 0.0456
[03:29:16] {/home/hussen/Documents/robotic-grasping/train_network.py:177} INFO - Epoch: 24, Batch: 600, Loss: 0.0232
[03:29:27] {/home/hussen/Documents/robotic-grasping/train_network.py:177} INFO - Epoch: 24, Batch: 700, Loss: 0.0546
[03:29:39] {/home/hussen/Documents/robotic-grasping/train_network.py:177} INFO - Epoch: 24, Batch: 800, Loss: 0.0473
[03:29:50] {/home/hussen/Documents/robotic-grasping/train_network.py:177} INFO - Epoch: 24, Batch: 900, Loss: 0.0737
[03:30:02] {/home/hussen/Documents/robotic-grasping/train_network.py:330} INFO - Validating...
[03:30:04] {/home/hussen/Documents/robotic-grasping/train_network.py:332} INFO - 88/89 = 0.988764
[03:30:04] {/home/hussen/Documents/robotic-grasping/train_network.py:321} INFO - Beginning Epoch 25
[03:30:15] {/home/hussen/Documents/robotic-grasping/train_network.py:177} INFO - Epoch: 25, Batch: 100, Loss: 0.0170
[03:30:27] {/home/hussen/Documents/robotic-grasping/train_network.py:177} INFO - Epoch: 25, Batch: 200, Loss: 0.0300
[03:30:38] {/home/hussen/Documents/robotic-grasping/train_network.py:177} INFO - Epoch: 25, Batch: 300, Loss: 0.0719
[03:30:49] {/home/hussen/Documents/robotic-grasping/train_network.py:177} INFO - Epoch: 25, Batch: 400, Loss: 0.0688
[03:31:01] {/home/hussen/Documents/robotic-grasping/train_network.py:177} INFO - Epoch: 25, Batch: 500, Loss: 0.0578
[03:31:12] {/home/hussen/Documents/robotic-grasping/train_network.py:177} INFO - Epoch: 25, Batch: 600, Loss: 0.0268
[03:31:24] {/home/hussen/Documents/robotic-grasping/train_network.py:177} INFO - Epoch: 25, Batch: 700, Loss: 0.0607
[03:31:35] {/home/hussen/Documents/robotic-grasping/train_network.py:177} INFO - Epoch: 25, Batch: 800, Loss: 0.0615
[03:31:46] {/home/hussen/Documents/robotic-grasping/train_network.py:177} INFO - Epoch: 25, Batch: 900, Loss: 0.0735
[03:31:59] {/home/hussen/Documents/robotic-grasping/train_network.py:330} INFO - Validating...
[03:32:00] {/home/hussen/Documents/robotic-grasping/train_network.py:332} INFO - 80/89 = 0.898876
[03:32:00] {/home/hussen/Documents/robotic-grasping/train_network.py:321} INFO - Beginning Epoch 26
[03:32:12] {/home/hussen/Documents/robotic-grasping/train_network.py:177} INFO - Epoch: 26, Batch: 100, Loss: 0.0277
[03:32:23] {/home/hussen/Documents/robotic-grasping/train_network.py:177} INFO - Epoch: 26, Batch: 200, Loss: 0.0177
[03:32:34] {/home/hussen/Documents/robotic-grasping/train_network.py:177} INFO - Epoch: 26, Batch: 300, Loss: 0.0586
[03:32:46] {/home/hussen/Documents/robotic-grasping/train_network.py:177} INFO - Epoch: 26, Batch: 400, Loss: 0.0380
[03:32:57] {/home/hussen/Documents/robotic-grasping/train_network.py:177} INFO - Epoch: 26, Batch: 500, Loss: 0.0555
[03:33:09] {/home/hussen/Documents/robotic-grasping/train_network.py:177} INFO - Epoch: 26, Batch: 600, Loss: 0.0545
[03:33:20] {/home/hussen/Documents/robotic-grasping/train_network.py:177} INFO - Epoch: 26, Batch: 700, Loss: 0.0491
[03:33:31] {/home/hussen/Documents/robotic-grasping/train_network.py:177} INFO - Epoch: 26, Batch: 800, Loss: 0.0297
[03:33:43] {/home/hussen/Documents/robotic-grasping/train_network.py:177} INFO - Epoch: 26, Batch: 900, Loss: 0.0422
[03:33:55] {/home/hussen/Documents/robotic-grasping/train_network.py:330} INFO - Validating...
[03:33:57] {/home/hussen/Documents/robotic-grasping/train_network.py:332} INFO - 81/89 = 0.910112
[03:33:57] {/home/hussen/Documents/robotic-grasping/train_network.py:321} INFO - Beginning Epoch 27
[03:34:08] {/home/hussen/Documents/robotic-grasping/train_network.py:177} INFO - Epoch: 27, Batch: 100, Loss: 0.0329
[03:34:20] {/home/hussen/Documents/robotic-grasping/train_network.py:177} INFO - Epoch: 27, Batch: 200, Loss: 0.0363
[03:34:31] {/home/hussen/Documents/robotic-grasping/train_network.py:177} INFO - Epoch: 27, Batch: 300, Loss: 0.0656
[03:34:42] {/home/hussen/Documents/robotic-grasping/train_network.py:177} INFO - Epoch: 27, Batch: 400, Loss: 0.0723
[03:34:54] {/home/hussen/Documents/robotic-grasping/train_network.py:177} INFO - Epoch: 27, Batch: 500, Loss: 0.0360
[03:35:05] {/home/hussen/Documents/robotic-grasping/train_network.py:177} INFO - Epoch: 27, Batch: 600, Loss: 0.0460
[03:35:16] {/home/hussen/Documents/robotic-grasping/train_network.py:177} INFO - Epoch: 27, Batch: 700, Loss: 0.0382
[03:35:28] {/home/hussen/Documents/robotic-grasping/train_network.py:177} INFO - Epoch: 27, Batch: 800, Loss: 0.0611
[03:35:39] {/home/hussen/Documents/robotic-grasping/train_network.py:177} INFO - Epoch: 27, Batch: 900, Loss: 0.0390
[03:35:52] {/home/hussen/Documents/robotic-grasping/train_network.py:330} INFO - Validating...
[03:35:53] {/home/hussen/Documents/robotic-grasping/train_network.py:332} INFO - 82/89 = 0.921348
[03:35:53] {/home/hussen/Documents/robotic-grasping/train_network.py:321} INFO - Beginning Epoch 28
[03:36:05] {/home/hussen/Documents/robotic-grasping/train_network.py:177} INFO - Epoch: 28, Batch: 100, Loss: 0.0415
[03:36:16] {/home/hussen/Documents/robotic-grasping/train_network.py:177} INFO - Epoch: 28, Batch: 200, Loss: 0.0403
[03:36:27] {/home/hussen/Documents/robotic-grasping/train_network.py:177} INFO - Epoch: 28, Batch: 300, Loss: 0.0162
[03:36:39] {/home/hussen/Documents/robotic-grasping/train_network.py:177} INFO - Epoch: 28, Batch: 400, Loss: 0.0368
[03:36:50] {/home/hussen/Documents/robotic-grasping/train_network.py:177} INFO - Epoch: 28, Batch: 500, Loss: 0.0276
[03:37:02] {/home/hussen/Documents/robotic-grasping/train_network.py:177} INFO - Epoch: 28, Batch: 600, Loss: 0.0227
[03:37:13] {/home/hussen/Documents/robotic-grasping/train_network.py:177} INFO - Epoch: 28, Batch: 700, Loss: 0.0381
[03:37:24] {/home/hussen/Documents/robotic-grasping/train_network.py:177} INFO - Epoch: 28, Batch: 800, Loss: 0.0191
[03:37:36] {/home/hussen/Documents/robotic-grasping/train_network.py:177} INFO - Epoch: 28, Batch: 900, Loss: 0.0253
[03:37:48] {/home/hussen/Documents/robotic-grasping/train_network.py:330} INFO - Validating...
[03:37:50] {/home/hussen/Documents/robotic-grasping/train_network.py:332} INFO - 75/89 = 0.842697
[03:37:50] {/home/hussen/Documents/robotic-grasping/train_network.py:321} INFO - Beginning Epoch 29
[03:38:01] {/home/hussen/Documents/robotic-grasping/train_network.py:177} INFO - Epoch: 29, Batch: 100, Loss: 0.0359
[03:38:12] {/home/hussen/Documents/robotic-grasping/train_network.py:177} INFO - Epoch: 29, Batch: 200, Loss: 0.0478
[03:38:24] {/home/hussen/Documents/robotic-grasping/train_network.py:177} INFO - Epoch: 29, Batch: 300, Loss: 0.0605
[03:38:35] {/home/hussen/Documents/robotic-grasping/train_network.py:177} INFO - Epoch: 29, Batch: 400, Loss: 0.0934
[03:38:47] {/home/hussen/Documents/robotic-grasping/train_network.py:177} INFO - Epoch: 29, Batch: 500, Loss: 0.0411
[03:38:58] {/home/hussen/Documents/robotic-grasping/train_network.py:177} INFO - Epoch: 29, Batch: 600, Loss: 0.0574
[03:39:09] {/home/hussen/Documents/robotic-grasping/train_network.py:177} INFO - Epoch: 29, Batch: 700, Loss: 0.1103
[03:39:21] {/home/hussen/Documents/robotic-grasping/train_network.py:177} INFO - Epoch: 29, Batch: 800, Loss: 0.0744
[03:39:32] {/home/hussen/Documents/robotic-grasping/train_network.py:177} INFO - Epoch: 29, Batch: 900, Loss: 0.0403
[03:39:45] {/home/hussen/Documents/robotic-grasping/train_network.py:330} INFO - Validating...
[03:39:47] {/home/hussen/Documents/robotic-grasping/train_network.py:332} INFO - 86/89 = 0.966292
[03:39:47] {/home/hussen/Documents/robotic-grasping/train_network.py:321} INFO - Beginning Epoch 30
[03:39:58] {/home/hussen/Documents/robotic-grasping/train_network.py:177} INFO - Epoch: 30, Batch: 100, Loss: 0.0399
[03:40:09] {/home/hussen/Documents/robotic-grasping/train_network.py:177} INFO - Epoch: 30, Batch: 200, Loss: 0.0657
[03:40:21] {/home/hussen/Documents/robotic-grasping/train_network.py:177} INFO - Epoch: 30, Batch: 300, Loss: 0.1232
[03:40:32] {/home/hussen/Documents/robotic-grasping/train_network.py:177} INFO - Epoch: 30, Batch: 400, Loss: 0.0674
[03:40:43] {/home/hussen/Documents/robotic-grasping/train_network.py:177} INFO - Epoch: 30, Batch: 500, Loss: 0.0643
[03:40:55] {/home/hussen/Documents/robotic-grasping/train_network.py:177} INFO - Epoch: 30, Batch: 600, Loss: 0.0350
[03:41:06] {/home/hussen/Documents/robotic-grasping/train_network.py:177} INFO - Epoch: 30, Batch: 700, Loss: 0.0660
[03:41:18] {/home/hussen/Documents/robotic-grasping/train_network.py:177} INFO - Epoch: 30, Batch: 800, Loss: 0.0170
[03:41:29] {/home/hussen/Documents/robotic-grasping/train_network.py:177} INFO - Epoch: 30, Batch: 900, Loss: 0.0566
[03:41:42] {/home/hussen/Documents/robotic-grasping/train_network.py:330} INFO - Validating...
[03:41:44] {/home/hussen/Documents/robotic-grasping/train_network.py:332} INFO - 83/89 = 0.932584
[03:41:44] {/home/hussen/Documents/robotic-grasping/train_network.py:321} INFO - Beginning Epoch 31
[03:41:55] {/home/hussen/Documents/robotic-grasping/train_network.py:177} INFO - Epoch: 31, Batch: 100, Loss: 0.0311
[03:42:07] {/home/hussen/Documents/robotic-grasping/train_network.py:177} INFO - Epoch: 31, Batch: 200, Loss: 0.0374
[03:42:18] {/home/hussen/Documents/robotic-grasping/train_network.py:177} INFO - Epoch: 31, Batch: 300, Loss: 0.0297
[03:42:29] {/home/hussen/Documents/robotic-grasping/train_network.py:177} INFO - Epoch: 31, Batch: 400, Loss: 0.0497
[03:42:41] {/home/hussen/Documents/robotic-grasping/train_network.py:177} INFO - Epoch: 31, Batch: 500, Loss: 0.0420
[03:42:52] {/home/hussen/Documents/robotic-grasping/train_network.py:177} INFO - Epoch: 31, Batch: 600, Loss: 0.0345
[03:43:04] {/home/hussen/Documents/robotic-grasping/train_network.py:177} INFO - Epoch: 31, Batch: 700, Loss: 0.0328
[03:43:15] {/home/hussen/Documents/robotic-grasping/train_network.py:177} INFO - Epoch: 31, Batch: 800, Loss: 0.0365
[03:43:27] {/home/hussen/Documents/robotic-grasping/train_network.py:177} INFO - Epoch: 31, Batch: 900, Loss: 0.0657
[03:43:40] {/home/hussen/Documents/robotic-grasping/train_network.py:330} INFO - Validating...
[03:43:41] {/home/hussen/Documents/robotic-grasping/train_network.py:332} INFO - 84/89 = 0.943820
[03:43:41] {/home/hussen/Documents/robotic-grasping/train_network.py:321} INFO - Beginning Epoch 32
[03:43:53] {/home/hussen/Documents/robotic-grasping/train_network.py:177} INFO - Epoch: 32, Batch: 100, Loss: 0.0316
[03:44:05] {/home/hussen/Documents/robotic-grasping/train_network.py:177} INFO - Epoch: 32, Batch: 200, Loss: 0.0810
[03:44:16] {/home/hussen/Documents/robotic-grasping/train_network.py:177} INFO - Epoch: 32, Batch: 300, Loss: 0.0294
[03:44:28] {/home/hussen/Documents/robotic-grasping/train_network.py:177} INFO - Epoch: 32, Batch: 400, Loss: 0.0495
[03:44:39] {/home/hussen/Documents/robotic-grasping/train_network.py:177} INFO - Epoch: 32, Batch: 500, Loss: 0.0411
[03:44:51] {/home/hussen/Documents/robotic-grasping/train_network.py:177} INFO - Epoch: 32, Batch: 600, Loss: 0.0479
[03:45:02] {/home/hussen/Documents/robotic-grasping/train_network.py:177} INFO - Epoch: 32, Batch: 700, Loss: 0.0767
[03:45:14] {/home/hussen/Documents/robotic-grasping/train_network.py:177} INFO - Epoch: 32, Batch: 800, Loss: 0.1253
[03:45:25] {/home/hussen/Documents/robotic-grasping/train_network.py:177} INFO - Epoch: 32, Batch: 900, Loss: 0.0208
[03:45:38] {/home/hussen/Documents/robotic-grasping/train_network.py:330} INFO - Validating...
[03:45:39] {/home/hussen/Documents/robotic-grasping/train_network.py:332} INFO - 80/89 = 0.898876
[03:45:39] {/home/hussen/Documents/robotic-grasping/train_network.py:321} INFO - Beginning Epoch 33
[03:45:51] {/home/hussen/Documents/robotic-grasping/train_network.py:177} INFO - Epoch: 33, Batch: 100, Loss: 0.0520
[03:46:02] {/home/hussen/Documents/robotic-grasping/train_network.py:177} INFO - Epoch: 33, Batch: 200, Loss: 0.0382
[03:46:13] {/home/hussen/Documents/robotic-grasping/train_network.py:177} INFO - Epoch: 33, Batch: 300, Loss: 0.0226
[03:46:25] {/home/hussen/Documents/robotic-grasping/train_network.py:177} INFO - Epoch: 33, Batch: 400, Loss: 0.0185
[03:46:36] {/home/hussen/Documents/robotic-grasping/train_network.py:177} INFO - Epoch: 33, Batch: 500, Loss: 0.0440
[03:46:48] {/home/hussen/Documents/robotic-grasping/train_network.py:177} INFO - Epoch: 33, Batch: 600, Loss: 0.0342
[03:46:59] {/home/hussen/Documents/robotic-grasping/train_network.py:177} INFO - Epoch: 33, Batch: 700, Loss: 0.0582
[03:47:10] {/home/hussen/Documents/robotic-grasping/train_network.py:177} INFO - Epoch: 33, Batch: 800, Loss: 0.0537
[03:47:22] {/home/hussen/Documents/robotic-grasping/train_network.py:177} INFO - Epoch: 33, Batch: 900, Loss: 0.0343
[03:47:34] {/home/hussen/Documents/robotic-grasping/train_network.py:330} INFO - Validating...
[03:47:36] {/home/hussen/Documents/robotic-grasping/train_network.py:332} INFO - 84/89 = 0.943820
[03:47:36] {/home/hussen/Documents/robotic-grasping/train_network.py:321} INFO - Beginning Epoch 34
[03:47:47] {/home/hussen/Documents/robotic-grasping/train_network.py:177} INFO - Epoch: 34, Batch: 100, Loss: 0.0381
[03:47:59] {/home/hussen/Documents/robotic-grasping/train_network.py:177} INFO - Epoch: 34, Batch: 200, Loss: 0.0382
[03:48:10] {/home/hussen/Documents/robotic-grasping/train_network.py:177} INFO - Epoch: 34, Batch: 300, Loss: 0.0743
[03:48:21] {/home/hussen/Documents/robotic-grasping/train_network.py:177} INFO - Epoch: 34, Batch: 400, Loss: 0.0918
[03:48:33] {/home/hussen/Documents/robotic-grasping/train_network.py:177} INFO - Epoch: 34, Batch: 500, Loss: 0.0477
[03:48:44] {/home/hussen/Documents/robotic-grasping/train_network.py:177} INFO - Epoch: 34, Batch: 600, Loss: 0.0126
[03:48:56] {/home/hussen/Documents/robotic-grasping/train_network.py:177} INFO - Epoch: 34, Batch: 700, Loss: 0.0262
[03:49:07] {/home/hussen/Documents/robotic-grasping/train_network.py:177} INFO - Epoch: 34, Batch: 800, Loss: 0.0475
[03:49:18] {/home/hussen/Documents/robotic-grasping/train_network.py:177} INFO - Epoch: 34, Batch: 900, Loss: 0.0497
[03:49:31] {/home/hussen/Documents/robotic-grasping/train_network.py:330} INFO - Validating...
[03:49:33] {/home/hussen/Documents/robotic-grasping/train_network.py:332} INFO - 85/89 = 0.955056
[03:49:33] {/home/hussen/Documents/robotic-grasping/train_network.py:321} INFO - Beginning Epoch 35
[03:49:44] {/home/hussen/Documents/robotic-grasping/train_network.py:177} INFO - Epoch: 35, Batch: 100, Loss: 0.0363
[03:49:55] {/home/hussen/Documents/robotic-grasping/train_network.py:177} INFO - Epoch: 35, Batch: 200, Loss: 0.0636
[03:50:07] {/home/hussen/Documents/robotic-grasping/train_network.py:177} INFO - Epoch: 35, Batch: 300, Loss: 0.0500
[03:50:18] {/home/hussen/Documents/robotic-grasping/train_network.py:177} INFO - Epoch: 35, Batch: 400, Loss: 0.0267
[03:50:29] {/home/hussen/Documents/robotic-grasping/train_network.py:177} INFO - Epoch: 35, Batch: 500, Loss: 0.0491
[03:50:41] {/home/hussen/Documents/robotic-grasping/train_network.py:177} INFO - Epoch: 35, Batch: 600, Loss: 0.0671
[03:50:52] {/home/hussen/Documents/robotic-grasping/train_network.py:177} INFO - Epoch: 35, Batch: 700, Loss: 0.0299
[03:51:04] {/home/hussen/Documents/robotic-grasping/train_network.py:177} INFO - Epoch: 35, Batch: 800, Loss: 0.0608
[03:51:15] {/home/hussen/Documents/robotic-grasping/train_network.py:177} INFO - Epoch: 35, Batch: 900, Loss: 0.1033
[03:51:27] {/home/hussen/Documents/robotic-grasping/train_network.py:330} INFO - Validating...
[03:51:29] {/home/hussen/Documents/robotic-grasping/train_network.py:332} INFO - 84/89 = 0.943820
[03:51:29] {/home/hussen/Documents/robotic-grasping/train_network.py:321} INFO - Beginning Epoch 36
[03:51:40] {/home/hussen/Documents/robotic-grasping/train_network.py:177} INFO - Epoch: 36, Batch: 100, Loss: 0.0717
[03:51:52] {/home/hussen/Documents/robotic-grasping/train_network.py:177} INFO - Epoch: 36, Batch: 200, Loss: 0.0309
[03:52:03] {/home/hussen/Documents/robotic-grasping/train_network.py:177} INFO - Epoch: 36, Batch: 300, Loss: 0.0597
[03:52:14] {/home/hussen/Documents/robotic-grasping/train_network.py:177} INFO - Epoch: 36, Batch: 400, Loss: 0.0236
[03:52:26] {/home/hussen/Documents/robotic-grasping/train_network.py:177} INFO - Epoch: 36, Batch: 500, Loss: 0.0701
[03:52:37] {/home/hussen/Documents/robotic-grasping/train_network.py:177} INFO - Epoch: 36, Batch: 600, Loss: 0.0333
[03:52:49] {/home/hussen/Documents/robotic-grasping/train_network.py:177} INFO - Epoch: 36, Batch: 700, Loss: 0.0529
[03:53:00] {/home/hussen/Documents/robotic-grasping/train_network.py:177} INFO - Epoch: 36, Batch: 800, Loss: 0.0245
[03:53:11] {/home/hussen/Documents/robotic-grasping/train_network.py:177} INFO - Epoch: 36, Batch: 900, Loss: 0.0260
[03:53:24] {/home/hussen/Documents/robotic-grasping/train_network.py:330} INFO - Validating...
[03:53:25] {/home/hussen/Documents/robotic-grasping/train_network.py:332} INFO - 76/89 = 0.853933
[03:53:25] {/home/hussen/Documents/robotic-grasping/train_network.py:321} INFO - Beginning Epoch 37
[03:53:37] {/home/hussen/Documents/robotic-grasping/train_network.py:177} INFO - Epoch: 37, Batch: 100, Loss: 0.0363
[03:53:48] {/home/hussen/Documents/robotic-grasping/train_network.py:177} INFO - Epoch: 37, Batch: 200, Loss: 0.0284
[03:54:00] {/home/hussen/Documents/robotic-grasping/train_network.py:177} INFO - Epoch: 37, Batch: 300, Loss: 0.0336
[03:54:11] {/home/hussen/Documents/robotic-grasping/train_network.py:177} INFO - Epoch: 37, Batch: 400, Loss: 0.0270
[03:54:22] {/home/hussen/Documents/robotic-grasping/train_network.py:177} INFO - Epoch: 37, Batch: 500, Loss: 0.1272
[03:54:34] {/home/hussen/Documents/robotic-grasping/train_network.py:177} INFO - Epoch: 37, Batch: 600, Loss: 0.0494
[03:54:45] {/home/hussen/Documents/robotic-grasping/train_network.py:177} INFO - Epoch: 37, Batch: 700, Loss: 0.0871
[03:54:56] {/home/hussen/Documents/robotic-grasping/train_network.py:177} INFO - Epoch: 37, Batch: 800, Loss: 0.0162
[03:55:08] {/home/hussen/Documents/robotic-grasping/train_network.py:177} INFO - Epoch: 37, Batch: 900, Loss: 0.0982
[03:55:20] {/home/hussen/Documents/robotic-grasping/train_network.py:330} INFO - Validating...
[03:55:22] {/home/hussen/Documents/robotic-grasping/train_network.py:332} INFO - 87/89 = 0.977528
[03:55:22] {/home/hussen/Documents/robotic-grasping/train_network.py:321} INFO - Beginning Epoch 38
[03:55:33] {/home/hussen/Documents/robotic-grasping/train_network.py:177} INFO - Epoch: 38, Batch: 100, Loss: 0.0678
[03:55:45] {/home/hussen/Documents/robotic-grasping/train_network.py:177} INFO - Epoch: 38, Batch: 200, Loss: 0.0205
[03:55:56] {/home/hussen/Documents/robotic-grasping/train_network.py:177} INFO - Epoch: 38, Batch: 300, Loss: 0.0667
[03:56:07] {/home/hussen/Documents/robotic-grasping/train_network.py:177} INFO - Epoch: 38, Batch: 400, Loss: 0.0665
[03:56:19] {/home/hussen/Documents/robotic-grasping/train_network.py:177} INFO - Epoch: 38, Batch: 500, Loss: 0.0767
[03:56:30] {/home/hussen/Documents/robotic-grasping/train_network.py:177} INFO - Epoch: 38, Batch: 600, Loss: 0.0470
[03:56:41] {/home/hussen/Documents/robotic-grasping/train_network.py:177} INFO - Epoch: 38, Batch: 700, Loss: 0.0424
[03:56:53] {/home/hussen/Documents/robotic-grasping/train_network.py:177} INFO - Epoch: 38, Batch: 800, Loss: 0.1180
[03:57:04] {/home/hussen/Documents/robotic-grasping/train_network.py:177} INFO - Epoch: 38, Batch: 900, Loss: 0.0359
[03:57:17] {/home/hussen/Documents/robotic-grasping/train_network.py:330} INFO - Validating...
[03:57:18] {/home/hussen/Documents/robotic-grasping/train_network.py:332} INFO - 83/89 = 0.932584
[03:57:18] {/home/hussen/Documents/robotic-grasping/train_network.py:321} INFO - Beginning Epoch 39
[03:57:30] {/home/hussen/Documents/robotic-grasping/train_network.py:177} INFO - Epoch: 39, Batch: 100, Loss: 0.0228
[03:57:41] {/home/hussen/Documents/robotic-grasping/train_network.py:177} INFO - Epoch: 39, Batch: 200, Loss: 0.0443
[03:57:52] {/home/hussen/Documents/robotic-grasping/train_network.py:177} INFO - Epoch: 39, Batch: 300, Loss: 0.0412
[03:58:04] {/home/hussen/Documents/robotic-grasping/train_network.py:177} INFO - Epoch: 39, Batch: 400, Loss: 0.0418
[03:58:15] {/home/hussen/Documents/robotic-grasping/train_network.py:177} INFO - Epoch: 39, Batch: 500, Loss: 0.0326
[03:58:27] {/home/hussen/Documents/robotic-grasping/train_network.py:177} INFO - Epoch: 39, Batch: 600, Loss: 0.0480
[03:58:38] {/home/hussen/Documents/robotic-grasping/train_network.py:177} INFO - Epoch: 39, Batch: 700, Loss: 0.0830
[03:58:49] {/home/hussen/Documents/robotic-grasping/train_network.py:177} INFO - Epoch: 39, Batch: 800, Loss: 0.0395
[03:59:01] {/home/hussen/Documents/robotic-grasping/train_network.py:177} INFO - Epoch: 39, Batch: 900, Loss: 0.0809
[03:59:13] {/home/hussen/Documents/robotic-grasping/train_network.py:330} INFO - Validating...
[03:59:15] {/home/hussen/Documents/robotic-grasping/train_network.py:332} INFO - 80/89 = 0.898876
[03:59:15] {/home/hussen/Documents/robotic-grasping/train_network.py:321} INFO - Beginning Epoch 40
[03:59:26] {/home/hussen/Documents/robotic-grasping/train_network.py:177} INFO - Epoch: 40, Batch: 100, Loss: 0.0717
[03:59:37] {/home/hussen/Documents/robotic-grasping/train_network.py:177} INFO - Epoch: 40, Batch: 200, Loss: 0.1239
[03:59:49] {/home/hussen/Documents/robotic-grasping/train_network.py:177} INFO - Epoch: 40, Batch: 300, Loss: 0.0694
[04:00:00] {/home/hussen/Documents/robotic-grasping/train_network.py:177} INFO - Epoch: 40, Batch: 400, Loss: 0.0869
[04:00:12] {/home/hussen/Documents/robotic-grasping/train_network.py:177} INFO - Epoch: 40, Batch: 500, Loss: 0.0260
[04:00:23] {/home/hussen/Documents/robotic-grasping/train_network.py:177} INFO - Epoch: 40, Batch: 600, Loss: 0.0419
[04:00:34] {/home/hussen/Documents/robotic-grasping/train_network.py:177} INFO - Epoch: 40, Batch: 700, Loss: 0.0173
[04:00:46] {/home/hussen/Documents/robotic-grasping/train_network.py:177} INFO - Epoch: 40, Batch: 800, Loss: 0.0481
[04:00:57] {/home/hussen/Documents/robotic-grasping/train_network.py:177} INFO - Epoch: 40, Batch: 900, Loss: 0.0671
[04:01:10] {/home/hussen/Documents/robotic-grasping/train_network.py:330} INFO - Validating...
[04:01:11] {/home/hussen/Documents/robotic-grasping/train_network.py:332} INFO - 84/89 = 0.943820
[04:01:11] {/home/hussen/Documents/robotic-grasping/train_network.py:321} INFO - Beginning Epoch 41
[04:01:23] {/home/hussen/Documents/robotic-grasping/train_network.py:177} INFO - Epoch: 41, Batch: 100, Loss: 0.0682
[04:01:34] {/home/hussen/Documents/robotic-grasping/train_network.py:177} INFO - Epoch: 41, Batch: 200, Loss: 0.0410
[04:01:45] {/home/hussen/Documents/robotic-grasping/train_network.py:177} INFO - Epoch: 41, Batch: 300, Loss: 0.0209
[04:01:57] {/home/hussen/Documents/robotic-grasping/train_network.py:177} INFO - Epoch: 41, Batch: 400, Loss: 0.0840
[04:02:08] {/home/hussen/Documents/robotic-grasping/train_network.py:177} INFO - Epoch: 41, Batch: 500, Loss: 0.0378
[04:02:20] {/home/hussen/Documents/robotic-grasping/train_network.py:177} INFO - Epoch: 41, Batch: 600, Loss: 0.0198
[04:02:31] {/home/hussen/Documents/robotic-grasping/train_network.py:177} INFO - Epoch: 41, Batch: 700, Loss: 0.0429
[04:02:42] {/home/hussen/Documents/robotic-grasping/train_network.py:177} INFO - Epoch: 41, Batch: 800, Loss: 0.0293
[04:02:54] {/home/hussen/Documents/robotic-grasping/train_network.py:177} INFO - Epoch: 41, Batch: 900, Loss: 0.0255
[04:03:06] {/home/hussen/Documents/robotic-grasping/train_network.py:330} INFO - Validating...
[04:03:08] {/home/hussen/Documents/robotic-grasping/train_network.py:332} INFO - 80/89 = 0.898876
[04:03:08] {/home/hussen/Documents/robotic-grasping/train_network.py:321} INFO - Beginning Epoch 42
[04:03:19] {/home/hussen/Documents/robotic-grasping/train_network.py:177} INFO - Epoch: 42, Batch: 100, Loss: 0.0908
[04:03:31] {/home/hussen/Documents/robotic-grasping/train_network.py:177} INFO - Epoch: 42, Batch: 200, Loss: 0.0311
[04:03:42] {/home/hussen/Documents/robotic-grasping/train_network.py:177} INFO - Epoch: 42, Batch: 300, Loss: 0.0260
[04:03:53] {/home/hussen/Documents/robotic-grasping/train_network.py:177} INFO - Epoch: 42, Batch: 400, Loss: 0.0251
[04:04:05] {/home/hussen/Documents/robotic-grasping/train_network.py:177} INFO - Epoch: 42, Batch: 500, Loss: 0.0515
[04:04:16] {/home/hussen/Documents/robotic-grasping/train_network.py:177} INFO - Epoch: 42, Batch: 600, Loss: 0.0515
[04:04:27] {/home/hussen/Documents/robotic-grasping/train_network.py:177} INFO - Epoch: 42, Batch: 700, Loss: 0.0410
[04:04:39] {/home/hussen/Documents/robotic-grasping/train_network.py:177} INFO - Epoch: 42, Batch: 800, Loss: 0.0377
[04:04:50] {/home/hussen/Documents/robotic-grasping/train_network.py:177} INFO - Epoch: 42, Batch: 900, Loss: 0.0355
[04:05:03] {/home/hussen/Documents/robotic-grasping/train_network.py:330} INFO - Validating...
[04:05:04] {/home/hussen/Documents/robotic-grasping/train_network.py:332} INFO - 81/89 = 0.910112
[04:05:04] {/home/hussen/Documents/robotic-grasping/train_network.py:321} INFO - Beginning Epoch 43
[04:05:16] {/home/hussen/Documents/robotic-grasping/train_network.py:177} INFO - Epoch: 43, Batch: 100, Loss: 0.0228
[04:05:27] {/home/hussen/Documents/robotic-grasping/train_network.py:177} INFO - Epoch: 43, Batch: 200, Loss: 0.0261
[04:05:38] {/home/hussen/Documents/robotic-grasping/train_network.py:177} INFO - Epoch: 43, Batch: 300, Loss: 0.0379
[04:05:50] {/home/hussen/Documents/robotic-grasping/train_network.py:177} INFO - Epoch: 43, Batch: 400, Loss: 0.0586
[04:06:01] {/home/hussen/Documents/robotic-grasping/train_network.py:177} INFO - Epoch: 43, Batch: 500, Loss: 0.0126
[04:06:12] {/home/hussen/Documents/robotic-grasping/train_network.py:177} INFO - Epoch: 43, Batch: 600, Loss: 0.0247
[04:06:24] {/home/hussen/Documents/robotic-grasping/train_network.py:177} INFO - Epoch: 43, Batch: 700, Loss: 0.0266
[04:06:35] {/home/hussen/Documents/robotic-grasping/train_network.py:177} INFO - Epoch: 43, Batch: 800, Loss: 0.0405
[04:06:47] {/home/hussen/Documents/robotic-grasping/train_network.py:177} INFO - Epoch: 43, Batch: 900, Loss: 0.0268
[04:06:59] {/home/hussen/Documents/robotic-grasping/train_network.py:330} INFO - Validating...
[04:07:01] {/home/hussen/Documents/robotic-grasping/train_network.py:332} INFO - 84/89 = 0.943820
[04:07:01] {/home/hussen/Documents/robotic-grasping/train_network.py:321} INFO - Beginning Epoch 44
[04:07:12] {/home/hussen/Documents/robotic-grasping/train_network.py:177} INFO - Epoch: 44, Batch: 100, Loss: 0.0328
[04:07:23] {/home/hussen/Documents/robotic-grasping/train_network.py:177} INFO - Epoch: 44, Batch: 200, Loss: 0.0616
[04:07:35] {/home/hussen/Documents/robotic-grasping/train_network.py:177} INFO - Epoch: 44, Batch: 300, Loss: 0.0333
[04:07:46] {/home/hussen/Documents/robotic-grasping/train_network.py:177} INFO - Epoch: 44, Batch: 400, Loss: 0.0416
[04:07:57] {/home/hussen/Documents/robotic-grasping/train_network.py:177} INFO - Epoch: 44, Batch: 500, Loss: 0.0737
[04:08:09] {/home/hussen/Documents/robotic-grasping/train_network.py:177} INFO - Epoch: 44, Batch: 600, Loss: 0.0267
[04:08:20] {/home/hussen/Documents/robotic-grasping/train_network.py:177} INFO - Epoch: 44, Batch: 700, Loss: 0.0443
[04:08:32] {/home/hussen/Documents/robotic-grasping/train_network.py:177} INFO - Epoch: 44, Batch: 800, Loss: 0.0400
[04:08:43] {/home/hussen/Documents/robotic-grasping/train_network.py:177} INFO - Epoch: 44, Batch: 900, Loss: 0.0372
[04:08:55] {/home/hussen/Documents/robotic-grasping/train_network.py:330} INFO - Validating...
[04:08:57] {/home/hussen/Documents/robotic-grasping/train_network.py:332} INFO - 74/89 = 0.831461
[04:08:57] {/home/hussen/Documents/robotic-grasping/train_network.py:321} INFO - Beginning Epoch 45
[04:09:08] {/home/hussen/Documents/robotic-grasping/train_network.py:177} INFO - Epoch: 45, Batch: 100, Loss: 0.0649
[04:09:20] {/home/hussen/Documents/robotic-grasping/train_network.py:177} INFO - Epoch: 45, Batch: 200, Loss: 0.0280
[04:09:31] {/home/hussen/Documents/robotic-grasping/train_network.py:177} INFO - Epoch: 45, Batch: 300, Loss: 0.0326
[04:09:43] {/home/hussen/Documents/robotic-grasping/train_network.py:177} INFO - Epoch: 45, Batch: 400, Loss: 0.0312
[04:09:54] {/home/hussen/Documents/robotic-grasping/train_network.py:177} INFO - Epoch: 45, Batch: 500, Loss: 0.0298
[04:10:05] {/home/hussen/Documents/robotic-grasping/train_network.py:177} INFO - Epoch: 45, Batch: 600, Loss: 0.0384
[04:10:17] {/home/hussen/Documents/robotic-grasping/train_network.py:177} INFO - Epoch: 45, Batch: 700, Loss: 0.0252
[04:10:28] {/home/hussen/Documents/robotic-grasping/train_network.py:177} INFO - Epoch: 45, Batch: 800, Loss: 0.0946
[04:10:40] {/home/hussen/Documents/robotic-grasping/train_network.py:177} INFO - Epoch: 45, Batch: 900, Loss: 0.0445
[04:10:52] {/home/hussen/Documents/robotic-grasping/train_network.py:330} INFO - Validating...
[04:10:54] {/home/hussen/Documents/robotic-grasping/train_network.py:332} INFO - 81/89 = 0.910112
[04:10:54] {/home/hussen/Documents/robotic-grasping/train_network.py:321} INFO - Beginning Epoch 46
[04:11:05] {/home/hussen/Documents/robotic-grasping/train_network.py:177} INFO - Epoch: 46, Batch: 100, Loss: 0.0494
[04:11:16] {/home/hussen/Documents/robotic-grasping/train_network.py:177} INFO - Epoch: 46, Batch: 200, Loss: 0.1156
[04:11:28] {/home/hussen/Documents/robotic-grasping/train_network.py:177} INFO - Epoch: 46, Batch: 300, Loss: 0.0510
[04:11:39] {/home/hussen/Documents/robotic-grasping/train_network.py:177} INFO - Epoch: 46, Batch: 400, Loss: 0.0456
[04:11:51] {/home/hussen/Documents/robotic-grasping/train_network.py:177} INFO - Epoch: 46, Batch: 500, Loss: 0.0510
[04:12:02] {/home/hussen/Documents/robotic-grasping/train_network.py:177} INFO - Epoch: 46, Batch: 600, Loss: 0.0273
[04:12:13] {/home/hussen/Documents/robotic-grasping/train_network.py:177} INFO - Epoch: 46, Batch: 700, Loss: 0.0271
[04:12:25] {/home/hussen/Documents/robotic-grasping/train_network.py:177} INFO - Epoch: 46, Batch: 800, Loss: 0.0666
[04:12:36] {/home/hussen/Documents/robotic-grasping/train_network.py:177} INFO - Epoch: 46, Batch: 900, Loss: 0.0503
[04:12:49] {/home/hussen/Documents/robotic-grasping/train_network.py:330} INFO - Validating...
[04:12:50] {/home/hussen/Documents/robotic-grasping/train_network.py:332} INFO - 78/89 = 0.876404
[04:12:50] {/home/hussen/Documents/robotic-grasping/train_network.py:321} INFO - Beginning Epoch 47
[04:13:01] {/home/hussen/Documents/robotic-grasping/train_network.py:177} INFO - Epoch: 47, Batch: 100, Loss: 0.0502
[04:13:13] {/home/hussen/Documents/robotic-grasping/train_network.py:177} INFO - Epoch: 47, Batch: 200, Loss: 0.0228
[04:13:24] {/home/hussen/Documents/robotic-grasping/train_network.py:177} INFO - Epoch: 47, Batch: 300, Loss: 0.0572
[04:13:36] {/home/hussen/Documents/robotic-grasping/train_network.py:177} INFO - Epoch: 47, Batch: 400, Loss: 0.0680
[04:13:47] {/home/hussen/Documents/robotic-grasping/train_network.py:177} INFO - Epoch: 47, Batch: 500, Loss: 0.0364
[04:13:58] {/home/hussen/Documents/robotic-grasping/train_network.py:177} INFO - Epoch: 47, Batch: 600, Loss: 0.0471
[04:14:10] {/home/hussen/Documents/robotic-grasping/train_network.py:177} INFO - Epoch: 47, Batch: 700, Loss: 0.0402
[04:14:21] {/home/hussen/Documents/robotic-grasping/train_network.py:177} INFO - Epoch: 47, Batch: 800, Loss: 0.0686
[04:14:33] {/home/hussen/Documents/robotic-grasping/train_network.py:177} INFO - Epoch: 47, Batch: 900, Loss: 0.0303
[04:14:45] {/home/hussen/Documents/robotic-grasping/train_network.py:330} INFO - Validating...
[04:14:47] {/home/hussen/Documents/robotic-grasping/train_network.py:332} INFO - 82/89 = 0.921348
[04:14:47] {/home/hussen/Documents/robotic-grasping/train_network.py:321} INFO - Beginning Epoch 48
[04:14:58] {/home/hussen/Documents/robotic-grasping/train_network.py:177} INFO - Epoch: 48, Batch: 100, Loss: 0.0503
[04:15:09] {/home/hussen/Documents/robotic-grasping/train_network.py:177} INFO - Epoch: 48, Batch: 200, Loss: 0.0349
[04:15:21] {/home/hussen/Documents/robotic-grasping/train_network.py:177} INFO - Epoch: 48, Batch: 300, Loss: 0.0154
[04:15:32] {/home/hussen/Documents/robotic-grasping/train_network.py:177} INFO - Epoch: 48, Batch: 400, Loss: 0.0163
[04:15:44] {/home/hussen/Documents/robotic-grasping/train_network.py:177} INFO - Epoch: 48, Batch: 500, Loss: 0.0313
[04:15:55] {/home/hussen/Documents/robotic-grasping/train_network.py:177} INFO - Epoch: 48, Batch: 600, Loss: 0.0451
[04:16:06] {/home/hussen/Documents/robotic-grasping/train_network.py:177} INFO - Epoch: 48, Batch: 700, Loss: 0.0700
[04:16:18] {/home/hussen/Documents/robotic-grasping/train_network.py:177} INFO - Epoch: 48, Batch: 800, Loss: 0.0823
[04:16:29] {/home/hussen/Documents/robotic-grasping/train_network.py:177} INFO - Epoch: 48, Batch: 900, Loss: 0.0565
[04:16:42] {/home/hussen/Documents/robotic-grasping/train_network.py:330} INFO - Validating...
[04:16:43] {/home/hussen/Documents/robotic-grasping/train_network.py:332} INFO - 82/89 = 0.921348
[04:16:43] {/home/hussen/Documents/robotic-grasping/train_network.py:321} INFO - Beginning Epoch 49
[04:16:55] {/home/hussen/Documents/robotic-grasping/train_network.py:177} INFO - Epoch: 49, Batch: 100, Loss: 0.0187
[04:17:06] {/home/hussen/Documents/robotic-grasping/train_network.py:177} INFO - Epoch: 49, Batch: 200, Loss: 0.0243
[04:17:17] {/home/hussen/Documents/robotic-grasping/train_network.py:177} INFO - Epoch: 49, Batch: 300, Loss: 0.0489
[04:17:29] {/home/hussen/Documents/robotic-grasping/train_network.py:177} INFO - Epoch: 49, Batch: 400, Loss: 0.0249
[04:17:40] {/home/hussen/Documents/robotic-grasping/train_network.py:177} INFO - Epoch: 49, Batch: 500, Loss: 0.0297
[04:17:52] {/home/hussen/Documents/robotic-grasping/train_network.py:177} INFO - Epoch: 49, Batch: 600, Loss: 0.0315
[04:18:03] {/home/hussen/Documents/robotic-grasping/train_network.py:177} INFO - Epoch: 49, Batch: 700, Loss: 0.0349
[04:18:14] {/home/hussen/Documents/robotic-grasping/train_network.py:177} INFO - Epoch: 49, Batch: 800, Loss: 0.0592
[04:18:26] {/home/hussen/Documents/robotic-grasping/train_network.py:177} INFO - Epoch: 49, Batch: 900, Loss: 0.0411
[04:18:38] {/home/hussen/Documents/robotic-grasping/train_network.py:330} INFO - Validating...
[04:18:40] {/home/hussen/Documents/robotic-grasping/train_network.py:332} INFO - 83/89 = 0.932584
